TAP version 13
# Subtest: production rejects unconfigured real model and never invents a positive surface
ok 1 - production rejects unconfigured real model and never invents a positive surface
  ---
  duration_ms: 1.268947
  type: 'test'
  ...
# Subtest: same message SHA and frozen main are obligatory
ok 2 - same message SHA and frozen main are obligatory
  ---
  duration_ms: 1.179278
  type: 'test'
  ...
# Subtest: two distinct configured models/keys are required, no actual provider call
ok 3 - two distinct configured models/keys are required, no actual provider call
  ---
  duration_ms: 0.24859
  type: 'test'
  ...
# Subtest: separate checker returns only BOUNDED_STRUCTURE, not provider or semantic truth proof
ok 4 - separate checker returns only BOUNDED_STRUCTURE, not provider or semantic truth proof
  ---
  duration_ms: 1.212922
  type: 'test'
  ...
# Subtest: independent checker rejects shape-valid but mismatched readbacks
ok 5 - independent checker rejects shape-valid but mismatched readbacks
  ---
  duration_ms: 0.371519
  type: 'test'
  ...
# Subtest: independent checker denies reviewer drift and fake native origin
ok 6 - independent checker denies reviewer drift and fake native origin
  ---
  duration_ms: 0.227182
  type: 'test'
  ...
# Subtest: independent checker rejects duplicated topics, provider IDs, models and forged fields
ok 7 - independent checker rejects duplicated topics, provider IDs, models and forged fields
  ---
  duration_ms: 0.646569
  type: 'test'
  ...
# Subtest: independent checker rejects a phenomenal first-person claim
ok 8 - independent checker rejects a phenomenal first-person claim
  ---
  duration_ms: 0.189786
  type: 'test'
  ...
# Subtest: actual independent child Node executes and returns same-input bound bytes
ok 9 - actual independent child Node executes and returns same-input bound bytes
  ---
  duration_ms: 43.055541
  type: 'test'
  ...
1..9
# tests 9
# suites 0
# pass 9
# fail 0
# cancelled 0
# skipped 0
# todo 0
# duration_ms 128.635403
