TAP version 13
# Subtest: Git API tree proof truly reconstructs Git native SHA-1 bytes
ok 1 - Git API tree proof truly reconstructs Git native SHA-1 bytes
  ---
  duration_ms: 6.768723
  type: 'test'
  ...
# Subtest: C94 can assemble real-object SHA-consistent C81 material from fake REST object replies
ok 2 - C94 can assemble real-object SHA-consistent C81 material from fake REST object replies
  ---
  duration_ms: 2.344094
  type: 'test'
  ...
# Subtest: authorized carrier selects exact HEAD and ZIP content; stale, expired, tampered fail closed
ok 3 - authorized carrier selects exact HEAD and ZIP content; stale, expired, tampered fail closed
  ---
  duration_ms: 47.134546
  type: 'test'
  ...
# Subtest: C84 composition rejects missing Git objects; it must not promote artifact readback
ok 4 - C84 composition rejects missing Git objects; it must not promote artifact readback
  ---
  duration_ms: 50.629608
  type: 'test'
  ...
# Subtest: missing Github credential means no automatic carrier, not success
ok 5 - missing Github credential means no automatic carrier, not success
  ---
  duration_ms: 0.267921
  type: 'test'
  ...
# Subtest: C71 original deterministic source blob identity and 70 source-census anchors
ok 6 - C71 original deterministic source blob identity and 70 source-census anchors
  ---
  duration_ms: 4.969749
  type: 'test'
  ...
# Subtest: a malicious C71 derivative whose manifest hash was recomputed cannot become admitted
ok 7 - a malicious C71 derivative whose manifest hash was recomputed cannot become admitted
  ---
  duration_ms: 1.305096
  type: 'test'
  ...
# Subtest: C77 70-Cx proof with altered anchor or census digest is denied
ok 8 - C77 70-Cx proof with altered anchor or census digest is denied
  ---
  duration_ms: 5.700503
  type: 'test'
  ...
# Subtest: real C77 original source bytes can travel through automatic synthetic GitHub API and create valid C84 package
ok 9 - real C77 original source bytes can travel through automatic synthetic GitHub API and create valid C84 package
  ---
  duration_ms: 397.848059
  type: 'test'
  ...
# Subtest: cannot bind unexecuted runtime receipt, forged owner output, or wrong digest
ok 10 - cannot bind unexecuted runtime receipt, forged owner output, or wrong digest
  ---
  duration_ms: 1.874263
  type: 'test'
  ...
# Subtest: exact owner-bound string remains non-C81/C86 legacy and never asserts native
ok 11 - exact owner-bound string remains non-C81/C86 legacy and never asserts native
  ---
  duration_ms: 0.309587
  type: 'test'
  ...
# Subtest: no installed native host hook means STOP rather than text echo success
ok 12 - no installed native host hook means STOP rather than text echo success
  ---
  duration_ms: 6.155766
  type: 'test'
  ...
# Subtest: even signed synthetic acknowledgement cannot self-promote into platform-native delivery
ok 13 - even signed synthetic acknowledgement cannot self-promote into platform-native delivery
  ---
  duration_ms: 6.102369
  type: 'test'
  ...
# Subtest: signed acknowledgement of changed displayed text is stopped
ok 14 - signed acknowledgement of changed displayed text is stopped
  ---
  duration_ms: 0.79232
  type: 'test'
  ...
# Subtest: invalid native host signing key and forged signature cannot validate
ok 15 - invalid native host signing key and forged signature cannot validate
  ---
  duration_ms: 1.775992
  type: 'test'
  ...
# Subtest: cold host missing mode, input or current head fails before GitHub/network
ok 16 - cold host missing mode, input or current head fails before GitHub/network
  ---
  duration_ms: 0.756367
  type: 'test'
  ...
# Subtest: cold host with C72 selection but no GitHub token cannot fake automated carrier
ok 17 - cold host with C72 selection but no GitHub token cannot fake automated carrier
  ---
  duration_ms: 0.484907
  type: 'test'
  ...
# Subtest: real CI C77 ZIP: all source bytes verified against manifest, hash and original blob
ok 18 - real CI C77 ZIP: all source bytes verified against manifest, hash and original blob
  ---
  duration_ms: 112.087229
  type: 'test'
  ...
# Subtest: wrong source epoch is stopped
ok 19 - wrong source epoch is stopped
  ---
  duration_ms: 70.762228
  type: 'test'
  ...
# Subtest: one modified original compressed byte cannot pass
ok 20 - one modified original compressed byte cannot pass
  ---
  duration_ms: 2.152706
  type: 'test'
  ...
# Subtest: physically write 35 files and read back
ok 21 - physically write 35 files and read back
  ---
  duration_ms: 26.22148
  type: 'test'
  ...
# Subtest: archive reject size, trailing garbage, truncated end, malformed types
ok 22 - archive reject size, trailing garbage, truncated end, malformed types
  ---
  duration_ms: 29.329962
  type: 'test'
  ...
# Subtest: real C77 original source bytes can travel through automatic synthetic GitHub API and create valid C84 package
ok 23 - real C77 original source bytes can travel through automatic synthetic GitHub API and create valid C84 package
  ---
  duration_ms: 183.329119
  type: 'test'
  ...
# Subtest: C95 physical host callback generates C84 and executes C85, C81 and C90 source verifier
ok 24 - C95 physical host callback generates C84 and executes C85, C81 and C90 source verifier
  ---
  duration_ms: 141.806539
  type: 'test'
  ...
# Subtest: no installed host callback is not a successful GitHub transport
ok 25 - no installed host callback is not a successful GitHub transport
  ---
  duration_ms: 34.538544
  type: 'test'
  ...
# Subtest: C95 connector rejects arbitrary API paths and modified bytes
ok 26 - C95 connector rejects arbitrary API paths and modified bytes
  ---
  duration_ms: 27.78685
  type: 'test'
  ...
# Subtest: C94 ref changes during artifact transport must block C77 acquisition
ok 27 - C94 ref changes during artifact transport must block C77 acquisition
  ---
  duration_ms: 29.286388
  type: 'test'
  ...
# Subtest: C94 C84 rejects a modified Git Merkle object even if C77 bytes are identical
ok 28 - C94 C84 rejects a modified Git Merkle object even if C77 bytes are identical
  ---
  duration_ms: 53.286329
  type: 'test'
  ...
# Subtest: Node HTTPS transport blocks all repository endpoints outside exact C77 C84 allowlist
ok 29 - Node HTTPS transport blocks all repository endpoints outside exact C77 C84 allowlist
  ---
  duration_ms: 31.663134
  type: 'test'
  ...
# Subtest: tokenless cold host calls installed connector before attempting C93 owner
ok 30 - tokenless cold host calls installed connector before attempting C93 owner
  ---
  duration_ms: 101.700445
  type: 'test'
  ...
# Subtest: kind smuggling: HOST_GITHUB_FILE cannot provide an undeclared archive callback
ok 31 - kind smuggling: HOST_GITHUB_FILE cannot provide an undeclared archive callback
  ---
  duration_ms: 2.205451
  type: 'test'
  ...
# Subtest: kind smuggling: HOST_GITHUB_ARTIFACT cannot claim file-only reads
ok 32 - kind smuggling: HOST_GITHUB_ARTIFACT cannot claim file-only reads
  ---
  duration_ms: 0.516752
  type: 'test'
  ...
# Subtest: manifest object must match its own frozen original bytes
ok 33 - manifest object must match its own frozen original bytes
  ---
  duration_ms: 0.526785
  type: 'test'
  ...
# Subtest: pre-consent stops after exactly five pinned files, no Cx/runtime reads
ok 34 - pre-consent stops after exactly five pinned files, no Cx/runtime reads
  ---
  duration_ms: 2.176659
  type: 'test'
  ...
# Subtest: none of the 70 Cx requires a duplicate download by identifier
ok 35 - none of the 70 Cx requires a duplicate download by identifier
  ---
  duration_ms: 1.588216
  type: 'test'
  ...
# Subtest: no installed callback -> only explicit manual-last-resort possibility, not auto upload
ok 36 - no installed callback -> only explicit manual-last-resort possibility, not auto upload
  ---
  duration_ms: 0.616617
  type: 'test'
  ...
# Subtest: reject mode, stale epoch, unsafe carrier identifiers and over-concurrency
ok 37 - reject mode, stale epoch, unsafe carrier identifiers and over-concurrency
  ---
  duration_ms: 1.244907
  type: 'test'
  ...
# Subtest: actual historical C77 ZIP is read only once, all 34 unique bytes reopened
ok 38 - actual historical C77 ZIP is read only once, all 34 unique bytes reopened
  ---
  duration_ms: 39.896288
  type: 'test'
  ...
# Subtest: hedged auto carrier succeeds when one complete provider fails, without manual fallback
ok 39 - hedged auto carrier succeeds when one complete provider fails, without manual fallback
  ---
  duration_ms: 41.407093
  type: 'test'
  ...
# Subtest: one missing member prevents publication, cannot escalate to manual by itself
ok 40 - one missing member prevents publication, cannot escalate to manual by itself
  ---
  duration_ms: 3.027304
  type: 'test'
  ...
# Subtest: file-level callbacks really run in parallel and materialize independently
ok 41 - file-level callbacks really run in parallel and materialize independently
  ---
  duration_ms: 20.592338
  type: 'test'
  ...
# Subtest: manifest traversal and duplicated member paths reject before any host reads
ok 42 - manifest traversal and duplicated member paths reject before any host reads
  ---
  duration_ms: 1.072799
  type: 'test'
  ...
# Subtest: the second hedge prefers a different real transport kind over correlated same-kind candidates
ok 43 - the second hedge prefers a different real transport kind over correlated same-kind candidates
  ---
  duration_ms: 1.021672
  type: 'test'
  ...
1..43
# tests 43
# suites 0
# pass 43
# fail 0
# cancelled 0
# skipped 0
# todo 0
# duration_ms 789.605239
